mi_libreria.c:38:6:INIT_DI	32	static
mi_libreria.c:73:6:INIT_DO	32	static
mi_libreria.c:106:6:DELAY	16	static
mi_libreria.c:127:5:READ_DI	16	static
mi_libreria.c:152:6:LED_ON	24	static
mi_libreria.c:177:6:INIT_ADC	80	static
mi_libreria.c:249:9:READ_ADC	24	static
mi_libreria.c:280:5:DAC_FUNC	24	static
mi_libreria.c:306:6:INIT_LCD_2x16	16	static
mi_libreria.c:346:6:CLEAR_LCD_2x16	16	static
mi_libreria.c:379:6:PRINT_LCD_2x16	24	static
mi_libreria.c:396:10:FIND_CLOCK	24	static
mi_libreria.c:415:14:FIND_ADC_TYPE	24	static
mi_libreria.c:440:10:FIND_RCC_APB	24	static
mi_libreria.c:451:9:FIND_CHANNEL	24	static
mi_libreria.c:473:6:P_LCD_2x16_InitIO	32	static
mi_libreria.c:499:6:P_LCD_2x16_PinLo	16	static
mi_libreria.c:504:6:P_LCD_2x16_PinHi	16	static
mi_libreria.c:509:6:P_LCD_2x16_Delay	16	static
mi_libreria.c:516:6:P_LCD_2x16_InitSequenz	16	static
mi_libreria.c:541:6:P_LCD_2x16_Clk	16	static
mi_libreria.c:553:6:P_LCD_2x16_Cmd	16	static
mi_libreria.c:571:6:P_LCD_2x16_Cursor	24	static
mi_libreria.c:584:6:P_LCD_2x16_Data	16	static
